---
source: crates/interpreter/src/codegen/mod.rs
assertion_line: 2011
expression: dump
---
sequence start=0xa end=0x28
  addr=0xa file=1 line=1 col=Column(25) stmt=true
  addr=0xa file=1 line=2 col=Column(3) stmt=true
  addr=0xa file=1 line=2 col=Column(19) stmt=true
  addr=0x15 file=1 line=3 col=Column(3) stmt=true
  addr=0x15 file=1 line=3 col=Column(19) stmt=true
  addr=0x20 file=1 line=4 col=Column(3) stmt=true
  addr=0x20 file=1 line=4 col=Column(10) stmt=true
  addr=0x20 file=1 line=4 col=Column(10) stmt=true
  addr=0x22 file=1 line=4 col=Column(14) stmt=true
  addr=0x28 file=1 line=4 col=Column(14) stmt=true end_sequence
