---
source: crates/submilli-engine/tests/diagnostic_snapshots.rs
expression: render_all(source)
---
error: expected 2 argument(s), got 1
  --> test.subm:9:11
   |
 8 | function main(): void {
 9 |   let _ = add(1);
   |           ^^^^^^
10 | }
   |
help: /**
 * Sum two numbers.
 * @param a First operand.
 * @param b Second operand.
 * @returns The sum.
 */
function add(a: number, b: number): number
---
