---
source: crates/submilli-engine/tests/diagnostic_snapshots.rs
expression: render_all(source)
---
warning: parameter `a` is undocumented (missing `@param a`)
 --> test.subm:6:12
  |
5 |  */
6 | function f(a: number): number { return a; }
  |            ^
7 | function main(): void { }
---
warning: unknown JSDoc tag `@parm`
 --> test.subm:3:4
  |
2 |  * Doc with typo.
3 |  * @parm a First.
  |    ^^^^^
4 |  * @returns r
---
