---
source: crates/submilli-engine/tests/package_diagnostic_snapshots.rs
expression: "render_package(\"\n/**\n * Sends the message.\n * @param input Message and where to send it.\n * @capability test.com/send { channelId: string }\n */\nexport function send(input: Input): void {\n  check(\\\"test.com/send\\\", { channelId: input.channelId });\n  post(input.channelId, \\\"hello\\\");\n}\n\")"
---
warning: `input.channelId` is read more than once in `send`, which calls `check()`
  --> lib.ts:20:8
   |
19 |   check("test.com/send", { channelId: input.channelId });
20 |   post(input.channelId, "hello");
   |        ^^^^^^^^^^^^^^^
21 | }
   |
help: Read it once into a `const`; the caller can return a different value on each read
   |
note: first read here
  --> lib.ts:19:39
   |
18 | export function send(input: Input): void {
19 |   check("test.com/send", { channelId: input.channelId });
   |                                       ^^^^^^^^^^^^^^^
20 |   post(input.channelId, "hello");
   |
note: `check()` is called here
  --> lib.ts:19:9
   |
18 | export function send(input: Input): void {
19 |   check("test.com/send", { channelId: input.channelId });
   |         ^^^^^^^^^^^^^^^
20 |   post(input.channelId, "hello");
   |
note: `input.channelId` reaches `check()` here
  --> lib.ts:19:26
   |
18 | export function send(input: Input): void {
19 |   check("test.com/send", { channelId: input.channelId });
   |                          ^^^^^^^^^^^^^^^^^^^^^^^^^^^^^^
20 |   post(input.channelId, "hello");
---
