---
source: crates/interpreter/tests/diagnostic_snapshots.rs
assertion_line: 225
expression: render_all(source)
---
error: object literal has unknown field `z` for the target type
 --> test.subm:3:17
  |
2 | function main(): void {
3 |   takes({ x: 1, z: 3 });
  |                 ^
4 | }
  |
help: valid fields: `x`, `y`
  |
help: remove `z` or rename it to `x`
---
error: object literal is missing required field `y`
 --> test.subm:3:9
  |
2 | function main(): void {
3 |   takes({ x: 1, z: 3 });
  |         ^^^^^^^^^^^^^^
4 | }
---
