---
source: crates/interpreter/tests/diagnostic_snapshots.rs
expression: render_all(source)
---
warning: duplicate `@param a`
 --> test.subm:3:4
  |
2 |  * @param a First.
3 |  * @param a Again.
  |    ^^^^^^
4 |  * @returns r
  |
note: first documented here
 --> test.subm:2:4
  |
1 | /**
2 |  * @param a First.
  |    ^^^^^^
3 |  * @param a Again.
---
