---
source: crates/interpreter/tests/diagnostic_snapshots.rs
expression: render_all(source)
---
error: duplicate `catch` clause for `ParseError`
 --> test.subm:8:15
  |
7 |   } catch (e: ParseError) {
8 |   } catch (e: ParseError) {
  |               ^^^^^^^^^^
9 |   }
  |
note: previously caught here
 --> test.subm:7:15
  |
6 |     throw new ParseError("x");
7 |   } catch (e: ParseError) {
  |               ^^^^^^^^^^
8 |   } catch (e: ParseError) {
---
