---
source: crates/interpreter/tests/diagnostic_snapshots.rs
assertion_line: 404
expression: "render_inside_main(\"  const n = null;\\n  let s = n.toString();\")"
---
error: cannot call `.toString()` on a `null` value; narrow to a non-null type first
 --> test.subm:3:13
  |
2 |   const n = null;
3 |   let s = n.toString();
  |             ^^^^^^^^
4 | }
  |
help: use a non-null value:
  `n!.toString()` — assert non-null (throws `TypeError` at runtime if it is not)
  `(n ?? "fallback").toString()` — provide a fallback
  `String(n)` — convert it, `null` included
  or narrow first: `if (n !== null) { … }`
---
