---
source: crates/interpreter/tests/diagnostic_snapshots.rs
assertion_line: 151
expression: "render_inside_main(\"  let x: number;\")"
---
error: `let x: number` needs an initializer: without one it starts as `undefined`, which `number` does not include
 --> test.subm:2:7
  |
1 | function main(): void {
2 |   let x: number;
  |       ^
3 | }
  |
help: initialize it: `let x: number = …;`
  |
help: or let it start empty: `let x: number | undefined;`
---
