---
source: crates/interpreter/tests/diagnostic_snapshots.rs
expression: "render_inside_main(\"  const g = (x: string) => true;\\n  let f: (a: number, b: number) => boolean = g;\")"
---
error: expected `(arg0: number, arg1: number) => boolean`, got `(arg0: string) => boolean`
 --> test.subm:3:46
  |
2 |   const g = (x: string) => true;
3 |   let f: (a: number, b: number) => boolean = g;
  |                                              ^
4 | }
  |
help: param 1: expected `number`, got `string`
---
