---
source: crates/interpreter/tests/diagnostic_snapshots.rs
expression: render_all(source)
---
error: expected `number`, got `boolean`
  --> test.subm:11:13
   |
10 | function main(): void {
11 |   pair({ a: new Box(true), b: new Box("s") }, 1);
   |             ^^^^^^^^^^^^^
12 |   run({ a: new Box(true), cb: () => { const n: number = "x"; } }, 1);
---
error: expected `number`, got `string`
  --> test.subm:11:31
   |
10 | function main(): void {
11 |   pair({ a: new Box(true), b: new Box("s") }, 1);
   |                               ^^^^^^^^^^^^
12 |   run({ a: new Box(true), cb: () => { const n: number = "x"; } }, 1);
---
error: expected `number`, got `string`
  --> test.subm:12:57
   |
11 |   pair({ a: new Box(true), b: new Box("s") }, 1);
12 |   run({ a: new Box(true), cb: () => { const n: number = "x"; } }, 1);
   |                                                         ^^^
13 | }
---
error: expected `number`, got `boolean`
  --> test.subm:12:12
   |
11 |   pair({ a: new Box(true), b: new Box("s") }, 1);
12 |   run({ a: new Box(true), cb: () => { const n: number = "x"; } }, 1);
   |            ^^^^^^^^^^^^^
13 | }
---
