---
source: crates/interpreter/tests/diagnostic_snapshots.rs
expression: render_all(source)
---
error: template-literal interpolation: receiver `string | null` may be `null`; narrow to a non-null type first
 --> test.subm:2:39
  |
1 | function fmt(node: { title: string; completedAt: string | null }): string {
2 |   return `${node.title} (Completed: ${node.completedAt})`;
  |                                       ^^^^^^^^^^^^^^^^
3 | }
  |
help: use a non-null value:
  `${node.completedAt!}` — assert non-null (throws `Error` at runtime if null)
  `${node.completedAt ?? "fallback"}` — provide a fallback
  or narrow first: `if (node.completedAt !== null) { … }`
---
